2026-01-10T15:48:31Z INF Thank you for trying Cloudflare Tunnel. Doing so, without a Cloudflare account, is a quick way to experiment and try it out. However, be aware that these account-less Tunnels have no uptime guarantee, are subject to the Cloudflare Online Services Terms of Use (https://www.cloudflare.com/website-terms/), and Cloudflare reserves the right to investigate your use of Tunnels for violations of such terms. If you intend to use Tunnels in production you should use a pre-created named tunnel by following: https://developers.cloudflare.com/cloudflare-one/connections/connect-apps
2026-01-10T15:48:31Z INF Requesting new quick Tunnel on trycloudflare.com...

> frontend@0.0.0 dev
> vite --host

Port 5173 is in use, trying another one...

  VITE v7.3.1  ready in 817 ms

  ➜  Local:   http://localhost:5174/
  ➜  Network: http://192.168.1.100:5174/
2026-01-10T15:48:36Z INF +--------------------------------------------------------------------------------------------+
2026-01-10T15:48:36Z INF |  Your quick Tunnel has been created! Visit it at (it may take some time to be reachable):  |
2026-01-10T15:48:36Z INF |  https://unsigned-generator-combine-thumbzilla.trycloudflare.com                           |
2026-01-10T15:48:36Z INF +--------------------------------------------------------------------------------------------+
2026-01-10T15:48:36Z INF Cannot determine default configuration path. No file [config.yml config.yaml] in [~/.cloudflared ~/.cloudflare-warp ~/cloudflare-warp /etc/cloudflared /usr/local/etc/cloudflared]
2026-01-10T15:48:36Z INF Version 2025.11.1 (Checksum fd6556fd3ac59073804915535caac584711f04ed318bdcf83f9c45341ebd49b9)
2026-01-10T15:48:36Z INF GOOS: android, GOVersion: go1.25.3, GoArch: arm64
2026-01-10T15:48:36Z INF Settings: map[ha-connections:1 protocol:quic url:http://localhost:5173]
2026-01-10T15:48:36Z ERR Failed to fetch features, default to disable error="lookup cfd-features.argotunnel.com on [::1]:53: read udp [::1]:42325->[::1]:53: read: connection refused"
2026-01-10T15:48:36Z INF Generated Connector ID: c689c9a0-7d94-4e5d-9730-e058475e7a26
2026-01-10T15:48:36Z INF Autoupdate frequency is set autoupdateFreq=86400000
2026-01-10T15:48:36Z WRN Unable to lookup protocol percentage.
2026-01-10T15:48:36Z INF Initial protocol quic
2026-01-10T15:48:36Z INF ICMP proxy will use 192.168.1.100 as source for IPv4
2026-01-10T15:48:36Z INF ICMP proxy will use :: as source for IPv6
2026-01-10T15:48:36Z WRN The user running cloudflared process has a GID (group ID) that is not within ping_group_range. You might need to add that user to a group within that range, or instead update the range to encompass a group the user is already in by modifying /proc/sys/net/ipv4/ping_group_range. Otherwise cloudflared will not be able to ping this network error="open /proc/sys/net/ipv4/ping_group_range: permission denied"
2026-01-10T15:48:51Z ERR edge discovery: error looking up Cloudflare edge IPs: the DNS query failed error="lookup _v2-origintunneld._tcp.argotunnel.com on [::1]:53: read udp [::1]:40732->[::1]:53: read: connection refused" event=0
2026-01-10T15:48:51Z ERR Please try the following things to diagnose this issue: event=0
2026-01-10T15:48:51Z ERR   1. ensure that argotunnel.com is returning "origintunneld" service records. event=0
2026-01-10T15:48:51Z ERR      Run your system's equivalent of: dig srv _origintunneld._tcp.argotunnel.com event=0
2026-01-10T15:48:51Z ERR   2. ensure that your DNS resolver is not returning compressed SRV records. event=0
2026-01-10T15:48:51Z ERR      See GitHub issue https://github.com/golang/go/issues/27546 event=0
2026-01-10T15:48:51Z ERR      For example, you could use Cloudflare's 1.1.1.1 as your resolver: event=0
2026-01-10T15:48:51Z ERR      https://developers.cloudflare.com/1.1.1.1/setting-up-1.1.1.1/ event=0
2026-01-10T15:48:51Z ERR Cannot determine default origin certificate path. No file cert.pem in [~/.cloudflared ~/.cloudflare-warp ~/cloudflare-warp /etc/cloudflared /usr/local/etc/cloudflared]. You need to specify the origin certificate path by specifying the origincert option in the configuration file, or set TUNNEL_ORIGIN_CERT environment variable originCertPath=
2026-01-10T15:48:51Z INF ICMP proxy will use 192.168.1.100 as source for IPv4
2026-01-10T15:48:51Z INF ICMP proxy will use :: as source for IPv6
2026-01-10T15:48:51Z INF Starting metrics server on 127.0.0.1:20241/metrics
2026-01-10T15:49:06Z ERR edge discovery: error looking up Cloudflare edge IPs: the DNS query failed error="lookup _v2-origintunneld._tcp.argotunnel.com on [::1]:53: read udp [::1]:48557->[::1]:53: read: connection refused" event=0
2026-01-10T15:49:06Z ERR Please try the following things to diagnose this issue: event=0
2026-01-10T15:49:06Z ERR   1. ensure that argotunnel.com is returning "origintunneld" service records. event=0
2026-01-10T15:49:06Z ERR      Run your system's equivalent of: dig srv _origintunneld._tcp.argotunnel.com event=0
2026-01-10T15:49:06Z ERR   2. ensure that your DNS resolver is not returning compressed SRV records. event=0
2026-01-10T15:49:06Z ERR      See GitHub issue https://github.com/golang/go/issues/27546 event=0
2026-01-10T15:49:06Z ERR      For example, you could use Cloudflare's 1.1.1.1 as your resolver: event=0
2026-01-10T15:49:06Z ERR      https://developers.cloudflare.com/1.1.1.1/setting-up-1.1.1.1/ event=0
2026-01-10T15:49:06Z INF Tunnel server stopped
2026-01-10T15:49:06Z ERR Initiating shutdown error="Could not lookup srv records on _v2-origintunneld._tcp.argotunnel.com: lookup _v2-origintunneld._tcp.argotunnel.com on [::1]:53: read udp [::1]:48557->[::1]:53: read: connection refused"
2026-01-10T15:49:06Z INF Metrics server stopped
Could not lookup srv records on _v2-origintunneld._tcp.argotunnel.com: lookup _v2-origintunneld._tcp.argotunnel.com on [::1]:53: read udp [::1]:48557->[::1]:53: read: connection refused
2026-01-10T15:49:18Z INF Thank you for trying Cloudflare Tunnel. Doing so, without a Cloudflare account, is a quick way to experiment and try it out. However, be aware that these account-less Tunnels have no uptime guarantee, are subject to the Cloudflare Online Services Terms of Use (https://www.cloudflare.com/website-terms/), and Cloudflare reserves the right to investigate your use of Tunnels for violations of such terms. If you intend to use Tunnels in production you should use a pre-created named tunnel by following: https://developers.cloudflare.com/cloudflare-one/connections/connect-apps
2026-01-10T15:49:18Z INF Requesting new quick Tunnel on trycloudflare.com...

> frontend@0.0.0 dev
> vite --host

Port 5173 is in use, trying another one...
Port 5174 is in use, trying another one...

  VITE v7.3.1  ready in 586 ms

  ➜  Local:   http://localhost:5175/
  ➜  Network: http://192.168.1.100:5175/
2026-01-10T15:49:22Z INF +--------------------------------------------------------------------------------------------+
2026-01-10T15:49:22Z INF |  Your quick Tunnel has been created! Visit it at (it may take some time to be reachable):  |
2026-01-10T15:49:22Z INF |  https://said-profession-rated-dns.trycloudflare.com                                       |
2026-01-10T15:49:22Z INF +--------------------------------------------------------------------------------------------+
2026-01-10T15:49:22Z INF Cannot determine default configuration path. No file [config.yml config.yaml] in [~/.cloudflared ~/.cloudflare-warp ~/cloudflare-warp /etc/cloudflared /usr/local/etc/cloudflared]
2026-01-10T15:49:22Z INF Version 2025.11.1 (Checksum fd6556fd3ac59073804915535caac584711f04ed318bdcf83f9c45341ebd49b9)
2026-01-10T15:49:22Z INF GOOS: android, GOVersion: go1.25.3, GoArch: arm64
2026-01-10T15:49:22Z INF Settings: map[ha-connections:1 protocol:quic url:http://localhost:5173]
2026-01-10T15:49:22Z INF Autoupdate frequency is set autoupdateFreq=86400000
2026-01-10T15:49:22Z ERR Failed to fetch features, default to disable error="lookup cfd-features.argotunnel.com on [::1]:53: read udp [::1]:49789->[::1]:53: read: connection refused"
2026-01-10T15:49:22Z INF Generated Connector ID: bee94810-40c6-4762-8701-b467f137f71e
2026-01-10T15:49:22Z WRN Unable to lookup protocol percentage.
2026-01-10T15:49:22Z INF Initial protocol quic
2026-01-10T15:49:22Z INF ICMP proxy will use 192.168.1.100 as source for IPv4
2026-01-10T15:49:22Z INF ICMP proxy will use :: as source for IPv6
2026-01-10T15:49:22Z WRN The user running cloudflared process has a GID (group ID) that is not within ping_group_range. You might need to add that user to a group within that range, or instead update the range to encompass a group the user is already in by modifying /proc/sys/net/ipv4/ping_group_range. Otherwise cloudflared will not be able to ping this network error="open /proc/sys/net/ipv4/ping_group_range: permission denied"
2026-01-10T15:49:38Z ERR edge discovery: error looking up Cloudflare edge IPs: the DNS query failed error="lookup _v2-origintunneld._tcp.argotunnel.com on [::1]:53: read udp [::1]:39430->[::1]:53: read: connection refused" event=0
2026-01-10T15:49:38Z ERR Please try the following things to diagnose this issue: event=0
2026-01-10T15:49:38Z ERR   1. ensure that argotunnel.com is returning "origintunneld" service records. event=0
2026-01-10T15:49:38Z ERR      Run your system's equivalent of: dig srv _origintunneld._tcp.argotunnel.com event=0
2026-01-10T15:49:38Z ERR   2. ensure that your DNS resolver is not returning compressed SRV records. event=0
2026-01-10T15:49:38Z ERR      See GitHub issue https://github.com/golang/go/issues/27546 event=0
2026-01-10T15:49:38Z ERR      For example, you could use Cloudflare's 1.1.1.1 as your resolver: event=0
2026-01-10T15:49:38Z ERR      https://developers.cloudflare.com/1.1.1.1/setting-up-1.1.1.1/ event=0
2026-01-10T15:49:38Z ERR Cannot determine default origin certificate path. No file cert.pem in [~/.cloudflared ~/.cloudflare-warp ~/cloudflare-warp /etc/cloudflared /usr/local/etc/cloudflared]. You need to specify the origin certificate path by specifying the origincert option in the configuration file, or set TUNNEL_ORIGIN_CERT environment variable originCertPath=
2026-01-10T15:49:38Z INF ICMP proxy will use 192.168.1.100 as source for IPv4
2026-01-10T15:49:38Z INF ICMP proxy will use :: as source for IPv6
2026-01-10T15:49:38Z INF Starting metrics server on 127.0.0.1:20241/metrics
2026-01-10T15:49:53Z ERR edge discovery: error looking up Cloudflare edge IPs: the DNS query failed error="lookup _v2-origintunneld._tcp.argotunnel.com on [::1]:53: read udp [::1]:45731->[::1]:53: read: connection refused" event=0
2026-01-10T15:49:53Z ERR Please try the following things to diagnose this issue: event=0
2026-01-10T15:49:53Z ERR   1. ensure that argotunnel.com is returning "origintunneld" service records. event=0
2026-01-10T15:49:53Z ERR      Run your system's equivalent of: dig srv _origintunneld._tcp.argotunnel.com event=0
2026-01-10T15:49:53Z ERR   2. ensure that your DNS resolver is not returning compressed SRV records. event=0
2026-01-10T15:49:53Z ERR      See GitHub issue https://github.com/golang/go/issues/27546 event=0
2026-01-10T15:49:53Z ERR      For example, you could use Cloudflare's 1.1.1.1 as your resolver: event=0
2026-01-10T15:49:53Z ERR      https://developers.cloudflare.com/1.1.1.1/setting-up-1.1.1.1/ event=0
2026-01-10T15:49:53Z INF Tunnel server stopped
2026-01-10T15:49:53Z ERR Initiating shutdown error="Could not lookup srv records on _v2-origintunneld._tcp.argotunnel.com: lookup _v2-origintunneld._tcp.argotunnel.com on [::1]:53: read udp [::1]:45731->[::1]:53: read: connection refused"
2026-01-10T15:49:53Z INF Metrics server stopped
Could not lookup srv records on _v2-origintunneld._tcp.argotunnel.com: lookup _v2-origintunneld._tcp.argotunnel.com on [::1]:53: read udp [::1]:45731->[::1]:53: read: connection refused
12:54:05 AM [vite] (client) hmr update /src/App.jsx
1:05:14 AM [vite] (client) hmr update /src/App.jsx
1:13:23 AM [vite] (client) hmr update /src/App.jsx
1:34:01 AM [vite] (client) hmr update /src/App.jsx
1:52:49 AM [vite] (client) hmr update /src/App.jsx
